// Jest Snapshot v1, https://goo.gl/fbAQLP

exports[`<LifeBar /> LifeBar renders correctly 1`] = `[Function]`;
