// Jest Snapshot v1, https://goo.gl/fbAQLP

exports[`<MovieStore /> MovieStore renders correctly 1`] = `[Function]`;
