// Jest Snapshot v1, https://goo.gl/fbAQLP

exports[`<Index /> Index renders correctly 1`] = `[Function]`;
